// Jest Snapshot v1, https://goo.gl/fbAQLP

exports[`components >> LogoHeader should render the LogoHeader component properly: LogoHeader-default 1`] = `
<div>
  <div
    aria-live="assertive"
    class="pointer-events-none fixed inset-0 flex items-end px-4 py-6 sm:items-start sm:p-6"
  >
    <div
      class="flex w-full flex-col items-center space-y-4 sm:items-end"
    />
  </div>
  <a
    href="/"
  >
    <img
      alt="Ghost Town - Learning with Ghosts"
      data-nimg="1"
      decoding="async"
      height="170"
      loading="lazy"
      src="/_next/image?url=%2Fimg.jpg&w=384&q=75"
      srcset="/_next/image?url=%2Fimg.jpg&w=256&q=75 1x, /_next/image?url=%2Fimg.jpg&w=384&q=75 2x"
      style="color: transparent;"
      width="150"
    />
  </a>
</div>
`;
