// Jest Snapshot v1, https://goo.gl/fbAQLP

exports[`components >> Avatar should render the Avatar component properly 1`] = `
<div>
  <div>
    <img
      alt=""
      class="inline-block h-12 w-12 rounded-full"
      referrerpolicy="no-referrer"
      src="_MOCK_URL_"
    />
  </div>
</div>
`;
